[2026-08-04T07:10:42+00:00] 1 stuck position(s) flagged:
    last_update=2026-08-04 stale=0d Boston Red Sox :: Boston Red Sox vs. New York Yankees
[2026-08-06T09:50:49+00:00] 3 stuck position(s) flagged:
    last_update=2026-08-06 stale=0d Boston Red Sox :: Boston Red Sox vs. New York Yankees
    last_update=2026-08-06 stale=0d Yes :: Will Vancouver Whitecaps FC win on 2026-07-16?
    last_update=2026-08-06 stale=0d Under :: Atlanta Braves vs. Chicago White Sox: O/U 8.5
[2026-08-07T15:21:12+00:00] 1 stuck position(s) flagged:
    last_update=2026-08-07 stale=0d Yes :: Will Vancouver Whitecaps FC win on 2026-07-16?
[2026-08-10T17:46:23+00:00] 57 stuck position(s) flagged:
    last_update=2026-08-07 stale=3d Lucas Poullain :: Istanbul 2: Lucas Poullain vs Kenta Miyoshi
    last_update=2026-08-07 stale=3d Daniel Merida Aguilar :: National Bank Open: Daniel Merida Aguilar vs Alex Michelsen
    last_update=2026-08-08 stale=2d Yes :: 2026 Balance of Power: R Senate, R House
    last_update=2026-08-08 stale=2d Yes :: Will the Democratic Party control the House after the 2026 Midterm elections?
    last_update=2026-08-08 stale=2d Yes :: Will Gavin Newsom win the 2028 US Presidential Election?
    last_update=2026-08-08 stale=2d Yes :: 2026 Balance of Power: D Senate, D House
    last_update=2026-08-08 stale=2d Yes :: Will United Russia (ER) gain the most seats in the next Russian parliamentary election?
    last_update=2026-08-08 stale=2d Yes :: Will the Republican Party control the House after the 2026 Midterm elections?
    last_update=2026-08-08 stale=2d No :: Will the U.S. invade Iran before 2027?
    last_update=2026-08-08 stale=2d Yes :: Will Harry Kane win the 2026 Ballon d'Or?
    last_update=2026-08-08 stale=2d Yes :: Will Alexandria Ocasio-Cortez win the 2028 Democratic presidential nomination?
    last_update=2026-08-08 stale=2d Yes :: Will Vancouver Whitecaps FC win on 2026-07-16?
    last_update=2026-08-08 stale=2d Yes :: Will Marco Rubio win the 2028 US Presidential Election?
    last_update=2026-08-08 stale=2d Yes :: Will Gavin Newsom win the 2028 Democratic presidential nomination?
    last_update=2026-08-08 stale=2d Yes :: Will Hamas agree to disarm by December 31?
    last_update=2026-08-08 stale=2d No :: Will Manchester City win the 2026-27 English Premier League (EPL) Championship?
    last_update=2026-08-08 stale=2d No :: Will Iran withdraw from the NPT before 2027?
    last_update=2026-08-08 stale=2d No :: Israel and Saudi Arabia normalize relations before 2027?
    last_update=2026-08-08 stale=2d Yes :: NATO x Russia military clash by December 31, 2026?
    last_update=2026-08-08 stale=2d No :: Mitch McConnell steps down from Senate before his term ends?
    last_update=2026-08-08 stale=2d No :: Will Trump visit Greenland by December 31?
    last_update=2026-08-08 stale=2d Yes :: Will the Democratic Party control the Senate after the 2026 Midterm elections?
    last_update=2026-08-08 stale=2d No :: Bab el-Mandeb Strait effectively closed by December 31?
    last_update=2026-08-08 stale=2d Yes :: Will Flávio Bolsonaro finish in second place in the first round of the 2026 Brazilian presidential election?
    last_update=2026-08-08 stale=2d No :: Will Ethereum dip to $1,000 by December 31, 2026?
    last_update=2026-08-08 stale=2d No :: Will Ethereum reach $3,000 by December 31, 2026?
    last_update=2026-08-08 stale=2d No :: Will Ethereum reach $3,500 by December 31, 2026?
    last_update=2026-08-08 stale=2d Yes :: Will there be no change in Fed interest rates after the September 2026 meeting?
    last_update=2026-08-08 stale=2d No :: Will Bitcoin dip to $60,000 in August?
    last_update=2026-08-08 stale=2d No :: Iran charges Hormuz fees by August 31?
    last_update=2026-08-08 stale=2d Yes :: Will Bitcoin reach $67,500 in August?
    last_update=2026-08-08 stale=2d Yes :: Will Bitcoin reach $66,000 August 3-9?
    last_update=2026-08-08 stale=2d Yes :: Will Solana dip to $70 in August?
    last_update=2026-08-08 stale=2d No :: Will Benjamin Netanyahu be the next Prime Minister of Israel?
    last_update=2026-08-08 stale=2d No :: US announces end of Iranian blockade by August 15, 2026?
    last_update=2026-08-08 stale=2d Yes :: Iran leadership change by June 30, 2027?
    last_update=2026-08-08 stale=2d No :: Russia x Ukraine ceasefire agreement by December 31, 2026?
    last_update=2026-08-08 stale=2d No :: Will Ethereum dip to $1,250 by December 31, 2026?
    last_update=2026-08-08 stale=2d Yes :: Will the Fed increase interest rates by 25 bps after the September 2026 meeting?
    last_update=2026-08-08 stale=2d No :: Iran charges Hormuz fees by December 31?
    last_update=2026-08-08 stale=2d No :: Will Israel annex any territory by December 31?
    last_update=2026-08-08 stale=2d Yes :: Will Darline Graham Nordone be the new republican nominee for Senate in South Carolina?
    last_update=2026-08-08 stale=2d Yes :: Will the total domestic gross for Spider-Man: Brand New Day be between 800m and 900m by August 31?
    last_update=2026-08-08 stale=2d Yes :: China x Philippines military clash before 2027?
    last_update=2026-08-08 stale=2d Yes :: Will the United States send warships through the Strait of Hormuz by August 31, 2026?
    last_update=2026-08-08 stale=2d No :: Strait of Hormuz traffic returns to normal by September 30?
    last_update=2026-08-08 stale=2d No :: Gianni Infantino out as FIFA President by December 31?
    last_update=2026-08-08 stale=2d Yes :: Fed rate hike in 2026?
    last_update=2026-08-08 stale=2d No :: Will Solana dip to $40 by December 31, 2026?
    last_update=2026-08-08 stale=2d No :: Iran leadership change by September 30?
    last_update=2026-08-08 stale=2d Yes :: Will Ronaldo Caiado finish in third place in the first round of the 2026 Brazilian presidential election?
    last_update=2026-08-08 stale=2d No :: Will WTI Crude Oil (WTI) hit (HIGH) $95 in August?
    last_update=2026-08-08 stale=2d Yes :: Will Luiz Inácio Lula da Silva win the first round of the 2026 Brazilian presidential election by 5–10%?
    last_update=2026-08-08 stale=2d Yes :: Will Luiz Inácio Lula da Silva win the first round of the 2026 Brazilian presidential election by less than 5%?
    last_update=2026-08-08 stale=2d No :: Will WTI Crude Oil (WTI) hit (HIGH) $100 in August?
    last_update=2026-08-08 stale=2d No :: Will Bitcoin reach $72,500 in August?
    last_update=2026-08-08 stale=2d No :: US x Iran diplomatic meeting by August 31, 2026?
[2026-08-11T13:21:15+00:00] 1 stuck position(s) flagged:
    last_update=2026-08-11 stale=0d Yes :: Will Vancouver Whitecaps FC win on 2026-07-16?
[2026-08-12T07:28:09+00:00] 1 stuck position(s) flagged:
    last_update=2026-08-12 stale=0d Yes :: Will Vancouver Whitecaps FC win on 2026-07-16?
[2026-08-16T21:57:25+00:00] 1 stuck position(s) flagged:
    last_update=2026-08-16 stale=0d Yes :: Will Vancouver Whitecaps FC win on 2026-07-16?
[2026-08-19T12:06:32+00:00] 1 stuck position(s) flagged:
    last_update=2026-08-19 stale=0d Yes :: Will Vancouver Whitecaps FC win on 2026-07-16?
[2026-08-22T12:36:02+00:00] 2 stuck position(s) flagged:
    last_update=2026-08-22 stale=0d Yes :: Will Vancouver Whitecaps FC win on 2026-07-16?
    last_update=2026-08-22 stale=0d Yes :: Will RCD Espanyol de Barcelona win on 2026-08-22?
[2026-08-24T08:49:25+00:00] 1 stuck position(s) flagged:
    last_update=2026-08-24 stale=0d Yes :: Will Vancouver Whitecaps FC win on 2026-07-16?
[2026-08-25T08:43:42+00:00] 1 stuck position(s) flagged:
    last_update=2026-08-25 stale=0d Yes :: Will Vancouver Whitecaps FC win on 2026-07-16?
[2026-08-26T08:45:23+00:00] 1 stuck position(s) flagged:
    last_update=2026-08-26 stale=0d Yes :: Will Vancouver Whitecaps FC win on 2026-07-16?
[2026-08-27T18:54:02+00:00] 3 stuck position(s) flagged:
    last_update=2026-08-27 stale=0d Yes :: Will Vancouver Whitecaps FC win on 2026-07-16?
    last_update=2026-08-27 stale=0d No :: Will Tianjin Jinmen Hu FC win on 2026-07-12?
    last_update=2026-08-27 stale=0d No :: Will Racing Club de Lens win on 2026-08-29?
[2026-08-28T19:58:40+00:00] 6 stuck position(s) flagged:
    last_update=2026-08-28 stale=0d Yes :: Will Vancouver Whitecaps FC win on 2026-07-16?
    last_update=2026-08-28 stale=0d No :: Will Tianjin Jinmen Hu FC win on 2026-07-12?
    last_update=2026-08-28 stale=0d No :: Will Racing Club de Lens win on 2026-08-29?
    last_update=2026-08-28 stale=0d No :: Will Brentford FC win on 2026-08-30?
    last_update=2026-08-28 stale=0d No :: Will Arsenal FC win on 2026-08-31?
    last_update=2026-08-28 stale=0d No :: Will Hull City AFC win on 2026-08-29?
[2026-08-29T13:41:37+00:00] 6 stuck position(s) flagged:
    last_update=2026-08-29 stale=0d Yes :: Will Vancouver Whitecaps FC win on 2026-07-16?
    last_update=2026-08-29 stale=0d No :: Will Brentford FC win on 2026-08-30?
    last_update=2026-08-29 stale=0d No :: Will Arsenal FC win on 2026-08-31?
    last_update=2026-08-29 stale=0d No :: Will Hull City AFC win on 2026-08-29?
    last_update=2026-08-29 stale=0d No :: Will Chelsea FC win on 2026-08-30?
    last_update=2026-08-29 stale=0d No :: Will Newcastle United FC win on 2026-08-29?
[2026-08-30T13:36:22+00:00] 5 stuck position(s) flagged:
    last_update=2026-08-30 stale=0d Yes :: Will Vancouver Whitecaps FC win on 2026-07-16?
    last_update=2026-08-30 stale=0d No :: Will Brentford FC win on 2026-08-30?
    last_update=2026-08-30 stale=0d No :: Will Arsenal FC win on 2026-08-31?
    last_update=2026-08-30 stale=0d No :: Will Chelsea FC win on 2026-08-30?
    last_update=2026-08-30 stale=0d No :: Will Real Madrid CF win on 2026-08-30?
[2026-08-31T15:54:52+00:00] 2 stuck position(s) flagged:
    last_update=2026-08-31 stale=0d Yes :: Will Vancouver Whitecaps FC win on 2026-07-16?
    last_update=2026-08-31 stale=0d No :: Will Arsenal FC win on 2026-08-31?
